| esm.mjs:13:27:13:37 | (c) => ({}) | This handler for 'createPet' runs even when the request fails its security requirements, because $@ has no unauthorizedHandler and strict mode is off. | esm.mjs:6:13:9:2 | new Ope ... ' },\\n}) | This OpenAPIBackend instance |
| init.js:5:25:5:38 | OpenAPIBackend | $@ registers security handlers but never enforces them: there is no unauthorizedHandler, strict mode is off, and no operation handler checks c.security.authorized. | init.js:5:21:8:4 | new Ope ... },\\n  }) | This OpenAPIBackend instance |
| negatives.js:51:22:51:35 | OpenAPIBackend | $@ registers security handlers but never enforces them: there is no unauthorizedHandler, strict mode is off, and no operation handler checks c.security.authorized. | negatives.js:51:18:51:120 | new Ope ... lers }) | This OpenAPIBackend instance |
| typed.ts:5:24:5:37 | OpenAPIBackend | $@ registers security handlers but never enforces them: there is no unauthorizedHandler, strict mode is off, and no operation handler checks c.security.authorized. | typed.ts:5:20:9:2 | new Ope ... r },\\n}) | This OpenAPIBackend instance |
